Loading tick data into memory...
Loaded 10142000 ticks.

Sweep: LATENCY_ARB_MOMENTUM_THRESHOLD(6) x LATENCY_ARB_MAX_ASK(5) x LATENCY_ARB_MAX_POSITION_FRACTION(5) = 150 combinations on 14 Rayon threads

[89/150] LATENCY_ARB_MOMENTUM_THRESHOLD=0.0014 LATENCY_ARB_MAX_ASK=0.6 LATENCY_ARB_MAX_POSITION_FRACTION=0.1 ... PnL=$397 WR=77.8% Trades=45 DD=12.6% (106.7s)
[38/150] LATENCY_ARB_MOMENTUM_THRESHOLD=0.001 LATENCY_ARB_MAX_ASK=0.6 LATENCY_ARB_MAX_POSITION_FRACTION=0.075 ... PnL=$503 WR=71.8% Trades=71 DD=17.1% (106.8s)
[76/150] LATENCY_ARB_MOMENTUM_THRESHOLD=0.0014 LATENCY_ARB_MAX_ASK=0.5 LATENCY_ARB_MAX_POSITION_FRACTION=0.03 ... PnL=$86 WR=66.7% Trades=15 DD=5.9% (107.1s)
[141/150] LATENCY_ARB_MOMENTUM_THRESHOLD=0.0018 LATENCY_ARB_MAX_ASK=0.65 LATENCY_ARB_MAX_POSITION_FRACTION=0.03 ... PnL=$323 WR=81.8% Trades=55 DD=11.7% (108.0s)
[1/150] LATENCY_ARB_MOMENTUM_THRESHOLD=0.0008 LATENCY_ARB_MAX_ASK=0.5 LATENCY_ARB_MAX_POSITION_FRACTION=0.03 ... PnL=$89 WR=53.8% Trades=39 DD=15.7% (108.1s)
[122/150] LATENCY_ARB_MOMENTUM_THRESHOLD=0.0016 LATENCY_ARB_MAX_ASK=0.7 LATENCY_ARB_MAX_POSITION_FRACTION=0.05 ... PnL=$376 WR=80.8% Trades=78 DD=18.4% (108.2s)
[85/150] LATENCY_ARB_MOMENTUM_THRESHOLD=0.0014 LATENCY_ARB_MAX_ASK=0.55 LATENCY_ARB_MAX_POSITION_FRACTION=0.125 ... PnL=$275 WR=75.9% Trades=29 DD=16.1% (108.4s)
[113/150] LATENCY_ARB_MOMENTUM_THRESHOLD=0.0016 LATENCY_ARB_MAX_ASK=0.6 LATENCY_ARB_MAX_POSITION_FRACTION=0.075 ... PnL=$360 WR=82.1% Trades=39 DD=10.6% (108.4s)
[57/150] LATENCY_ARB_MOMENTUM_THRESHOLD=0.0012 LATENCY_ARB_MAX_ASK=0.55 LATENCY_ARB_MAX_POSITION_FRACTION=0.05 ... PnL=$125 WR=64.5% Trades=31 DD=11.1% (108.8s)
[28/150] LATENCY_ARB_MOMENTUM_THRESHOLD=0.001 LATENCY_ARB_MAX_ASK=0.5 LATENCY_ARB_MAX_POSITION_FRACTION=0.075 ... PnL=$59 WR=54.2% Trades=24 DD=23.2% (108.8s)
[19/150] LATENCY_ARB_MOMENTUM_THRESHOLD=0.0008 LATENCY_ARB_MAX_ASK=0.65 LATENCY_ARB_MAX_POSITION_FRACTION=0.1 ... PnL=$793 WR=69.1% Trades=165 DD=31.2% (108.8s)
[132/150] LATENCY_ARB_MOMENTUM_THRESHOLD=0.0018 LATENCY_ARB_MAX_ASK=0.55 LATENCY_ARB_MAX_POSITION_FRACTION=0.05 ... PnL=$187 WR=76.0% Trades=25 DD=10.0% (108.9s)
[94/150] LATENCY_ARB_MOMENTUM_THRESHOLD=0.0014 LATENCY_ARB_MAX_ASK=0.65 LATENCY_ARB_MAX_POSITION_FRACTION=0.1 ... PnL=$459 WR=79.4% Trades=68 DD=21.5% (108.9s)
[136/150] LATENCY_ARB_MOMENTUM_THRESHOLD=0.0018 LATENCY_ARB_MAX_ASK=0.6 LATENCY_ARB_MAX_POSITION_FRACTION=0.03 ... PnL=$255 WR=80.6% Trades=36 DD=6.9% (109.1s)
[39/150] LATENCY_ARB_MOMENTUM_THRESHOLD=0.001 LATENCY_ARB_MAX_ASK=0.6 LATENCY_ARB_MAX_POSITION_FRACTION=0.1 ... PnL=$586 WR=71.8% Trades=71 DD=21.3% (102.6s)
[90/150] LATENCY_ARB_MOMENTUM_THRESHOLD=0.0014 LATENCY_ARB_MAX_ASK=0.6 LATENCY_ARB_MAX_POSITION_FRACTION=0.125 ... PnL=$430 WR=77.8% Trades=45 DD=14.7% (103.0s)
[77/150] LATENCY_ARB_MOMENTUM_THRESHOLD=0.0014 LATENCY_ARB_MAX_ASK=0.5 LATENCY_ARB_MAX_POSITION_FRACTION=0.05 ... PnL=$120 WR=70.6% Trades=17 DD=5.9% (103.5s)
[123/150] LATENCY_ARB_MOMENTUM_THRESHOLD=0.0016 LATENCY_ARB_MAX_ASK=0.7 LATENCY_ARB_MAX_POSITION_FRACTION=0.075 ... PnL=$424 WR=80.8% Trades=78 DD=20.5% (103.5s)
[142/150] LATENCY_ARB_MOMENTUM_THRESHOLD=0.0018 LATENCY_ARB_MAX_ASK=0.65 LATENCY_ARB_MAX_POSITION_FRACTION=0.05 ... PnL=$368 WR=82.1% Trades=56 DD=13.1% (104.1s)
[2/150] LATENCY_ARB_MOMENTUM_THRESHOLD=0.0008 LATENCY_ARB_MAX_ASK=0.5 LATENCY_ARB_MAX_POSITION_FRACTION=0.05 ... PnL=$158 WR=55.8% Trades=43 DD=19.2% (104.0s)
[114/150] LATENCY_ARB_MOMENTUM_THRESHOLD=0.0016 LATENCY_ARB_MAX_ASK=0.6 LATENCY_ARB_MAX_POSITION_FRACTION=0.1 ... PnL=$381 WR=82.1% Trades=39 DD=12.7% (103.7s)
[86/150] LATENCY_ARB_MOMENTUM_THRESHOLD=0.0014 LATENCY_ARB_MAX_ASK=0.6 LATENCY_ARB_MAX_POSITION_FRACTION=0.03 ... PnL=$268 WR=77.3% Trades=44 DD=6.9% (104.1s)
[95/150] LATENCY_ARB_MOMENTUM_THRESHOLD=0.0014 LATENCY_ARB_MAX_ASK=0.65 LATENCY_ARB_MAX_POSITION_FRACTION=0.125 ... PnL=$480 WR=79.4% Trades=68 DD=25.4% (103.8s)
[58/150] LATENCY_ARB_MOMENTUM_THRESHOLD=0.0012 LATENCY_ARB_MAX_ASK=0.55 LATENCY_ARB_MAX_POSITION_FRACTION=0.075 ... PnL=$121 WR=64.5% Trades=31 DD=16.9% (104.5s)
[29/150] LATENCY_ARB_MOMENTUM_THRESHOLD=0.001 LATENCY_ARB_MAX_ASK=0.5 LATENCY_ARB_MAX_POSITION_FRACTION=0.1 ... PnL=$55 WR=56.5% Trades=23 DD=26.6% (104.6s)
[137/150] LATENCY_ARB_MOMENTUM_THRESHOLD=0.0018 LATENCY_ARB_MAX_ASK=0.6 LATENCY_ARB_MAX_POSITION_FRACTION=0.05 ... PnL=$293 WR=81.1% Trades=37 DD=8.5% (104.5s)
[20/150] LATENCY_ARB_MOMENTUM_THRESHOLD=0.0008 LATENCY_ARB_MAX_ASK=0.65 LATENCY_ARB_MAX_POSITION_FRACTION=0.125 ... PnL=$930 WR=69.1% Trades=165 DD=32.2% (104.8s)
[133/150] LATENCY_ARB_MOMENTUM_THRESHOLD=0.0018 LATENCY_ARB_MAX_ASK=0.55 LATENCY_ARB_MAX_POSITION_FRACTION=0.075 ... PnL=$204 WR=76.0% Trades=25 DD=12.3% (104.8s)
[40/150] LATENCY_ARB_MOMENTUM_THRESHOLD=0.001 LATENCY_ARB_MAX_ASK=0.6 LATENCY_ARB_MAX_POSITION_FRACTION=0.125 ... PnL=$673 WR=71.8% Trades=71 DD=24.6% (103.6s)
[91/150] LATENCY_ARB_MOMENTUM_THRESHOLD=0.0014 LATENCY_ARB_MAX_ASK=0.65 LATENCY_ARB_MAX_POSITION_FRACTION=0.03 ... PnL=$344 WR=79.1% Trades=67 DD=9.8% (103.8s)
[78/150] LATENCY_ARB_MOMENTUM_THRESHOLD=0.0014 LATENCY_ARB_MAX_ASK=0.5 LATENCY_ARB_MAX_POSITION_FRACTION=0.075 ... PnL=$146 WR=70.6% Trades=17 DD=8.2% (104.5s)
[124/150] LATENCY_ARB_MOMENTUM_THRESHOLD=0.0016 LATENCY_ARB_MAX_ASK=0.7 LATENCY_ARB_MAX_POSITION_FRACTION=0.1 ... PnL=$458 WR=80.8% Trades=78 DD=22.8% (105.5s)
[3/150] LATENCY_ARB_MOMENTUM_THRESHOLD=0.0008 LATENCY_ARB_MAX_ASK=0.5 LATENCY_ARB_MAX_POSITION_FRACTION=0.075 ... PnL=$217 WR=56.8% Trades=44 DD=22.8% (105.1s)
[115/150] LATENCY_ARB_MOMENTUM_THRESHOLD=0.0016 LATENCY_ARB_MAX_ASK=0.6 LATENCY_ARB_MAX_POSITION_FRACTION=0.125 ... PnL=$392 WR=82.1% Trades=39 DD=14.7% (105.2s)
[143/150] LATENCY_ARB_MOMENTUM_THRESHOLD=0.0018 LATENCY_ARB_MAX_ASK=0.65 LATENCY_ARB_MAX_POSITION_FRACTION=0.075 ... PnL=$396 WR=82.1% Trades=56 DD=14.9% (105.4s)
[96/150] LATENCY_ARB_MOMENTUM_THRESHOLD=0.0014 LATENCY_ARB_MAX_ASK=0.7 LATENCY_ARB_MAX_POSITION_FRACTION=0.03 ... PnL=$332 WR=79.8% Trades=89 DD=15.4% (105.1s)
[87/150] LATENCY_ARB_MOMENTUM_THRESHOLD=0.0014 LATENCY_ARB_MAX_ASK=0.6 LATENCY_ARB_MAX_POSITION_FRACTION=0.05 ... PnL=$314 WR=77.8% Trades=45 DD=8.5% (105.5s)
[59/150] LATENCY_ARB_MOMENTUM_THRESHOLD=0.0012 LATENCY_ARB_MAX_ASK=0.55 LATENCY_ARB_MAX_POSITION_FRACTION=0.1 ... PnL=$110 WR=64.5% Trades=31 DD=22.9% (104.9s)
[30/150] LATENCY_ARB_MOMENTUM_THRESHOLD=0.001 LATENCY_ARB_MAX_ASK=0.5 LATENCY_ARB_MAX_POSITION_FRACTION=0.125 ... PnL=$-1 WR=52.4% Trades=21 DD=40.1% (104.8s)
[138/150] LATENCY_ARB_MOMENTUM_THRESHOLD=0.0018 LATENCY_ARB_MAX_ASK=0.6 LATENCY_ARB_MAX_POSITION_FRACTION=0.075 ... PnL=$316 WR=81.1% Trades=37 DD=10.7% (104.7s)
[21/150] LATENCY_ARB_MOMENTUM_THRESHOLD=0.0008 LATENCY_ARB_MAX_ASK=0.7 LATENCY_ARB_MAX_POSITION_FRACTION=0.03 ... PnL=$441 WR=71.0% Trades=207 DD=20.3% (104.8s)
[134/150] LATENCY_ARB_MOMENTUM_THRESHOLD=0.0018 LATENCY_ARB_MAX_ASK=0.55 LATENCY_ARB_MAX_POSITION_FRACTION=0.1 ... PnL=$223 WR=76.0% Trades=25 DD=14.4% (105.0s)
[41/150] LATENCY_ARB_MOMENTUM_THRESHOLD=0.001 LATENCY_ARB_MAX_ASK=0.65 LATENCY_ARB_MAX_POSITION_FRACTION=0.03 ... PnL=$464 WR=76.2% Trades=105 DD=14.6% (102.6s)
[92/150] LATENCY_ARB_MOMENTUM_THRESHOLD=0.0014 LATENCY_ARB_MAX_ASK=0.65 LATENCY_ARB_MAX_POSITION_FRACTION=0.05 ... PnL=$398 WR=79.4% Trades=68 DD=13.2% (102.7s)
[79/150] LATENCY_ARB_MOMENTUM_THRESHOLD=0.0014 LATENCY_ARB_MAX_ASK=0.5 LATENCY_ARB_MAX_POSITION_FRACTION=0.1 ... PnL=$158 WR=70.6% Trades=17 DD=10.8% (103.2s)
[125/150] LATENCY_ARB_MOMENTUM_THRESHOLD=0.0016 LATENCY_ARB_MAX_ASK=0.7 LATENCY_ARB_MAX_POSITION_FRACTION=0.125 ... PnL=$489 WR=80.8% Trades=78 DD=25.1% (103.9s)
[4/150] LATENCY_ARB_MOMENTUM_THRESHOLD=0.0008 LATENCY_ARB_MAX_ASK=0.5 LATENCY_ARB_MAX_POSITION_FRACTION=0.1 ... PnL=$262 WR=56.8% Trades=44 DD=28.4% (103.9s)
[116/150] LATENCY_ARB_MOMENTUM_THRESHOLD=0.0016 LATENCY_ARB_MAX_ASK=0.65 LATENCY_ARB_MAX_POSITION_FRACTION=0.03 ... PnL=$341 WR=82.5% Trades=57 DD=11.6% (104.3s)
[144/150] LATENCY_ARB_MOMENTUM_THRESHOLD=0.0018 LATENCY_ARB_MAX_ASK=0.65 LATENCY_ARB_MAX_POSITION_FRACTION=0.1 ... PnL=$429 WR=82.1% Trades=56 DD=16.7% (104.4s)
[97/150] LATENCY_ARB_MOMENTUM_THRESHOLD=0.0014 LATENCY_ARB_MAX_ASK=0.7 LATENCY_ARB_MAX_POSITION_FRACTION=0.05 ... PnL=$444 WR=80.2% Trades=91 DD=17.1% (104.0s)
[60/150] LATENCY_ARB_MOMENTUM_THRESHOLD=0.0012 LATENCY_ARB_MAX_ASK=0.55 LATENCY_ARB_MAX_POSITION_FRACTION=0.125 ... PnL=$94 WR=64.5% Trades=31 DD=30.2% (104.6s)
[88/150] LATENCY_ARB_MOMENTUM_THRESHOLD=0.0014 LATENCY_ARB_MAX_ASK=0.6 LATENCY_ARB_MAX_POSITION_FRACTION=0.075 ... PnL=$359 WR=77.8% Trades=45 DD=10.6% (104.9s)
[31/150] LATENCY_ARB_MOMENTUM_THRESHOLD=0.001 LATENCY_ARB_MAX_ASK=0.55 LATENCY_ARB_MAX_POSITION_FRACTION=0.03 ... PnL=$147 WR=64.9% Trades=37 DD=7.6% (104.8s)
[135/150] LATENCY_ARB_MOMENTUM_THRESHOLD=0.0018 LATENCY_ARB_MAX_ASK=0.55 LATENCY_ARB_MAX_POSITION_FRACTION=0.125 ... PnL=$241 WR=76.0% Trades=25 DD=16.7% (104.5s)
[22/150] LATENCY_ARB_MOMENTUM_THRESHOLD=0.0008 LATENCY_ARB_MAX_ASK=0.7 LATENCY_ARB_MAX_POSITION_FRACTION=0.05 ... PnL=$564 WR=70.4% Trades=216 DD=27.1% (104.8s)
[139/150] LATENCY_ARB_MOMENTUM_THRESHOLD=0.0018 LATENCY_ARB_MAX_ASK=0.6 LATENCY_ARB_MAX_POSITION_FRACTION=0.1 ... PnL=$336 WR=81.1% Trades=37 DD=12.7% (105.0s)
[42/150] LATENCY_ARB_MOMENTUM_THRESHOLD=0.001 LATENCY_ARB_MAX_ASK=0.65 LATENCY_ARB_MAX_POSITION_FRACTION=0.05 ... PnL=$590 WR=75.0% Trades=108 DD=17.9% (99.5s)
[93/150] LATENCY_ARB_MOMENTUM_THRESHOLD=0.0014 LATENCY_ARB_MAX_ASK=0.65 LATENCY_ARB_MAX_POSITION_FRACTION=0.075 ... PnL=$438 WR=79.4% Trades=68 DD=17.4% (99.8s)
[80/150] LATENCY_ARB_MOMENTUM_THRESHOLD=0.0014 LATENCY_ARB_MAX_ASK=0.5 LATENCY_ARB_MAX_POSITION_FRACTION=0.125 ... PnL=$166 WR=70.6% Trades=17 DD=13.2% (100.4s)
[126/150] LATENCY_ARB_MOMENTUM_THRESHOLD=0.0018 LATENCY_ARB_MAX_ASK=0.5 LATENCY_ARB_MAX_POSITION_FRACTION=0.03 ... PnL=$95 WR=71.4% Trades=14 DD=6.0% (100.5s)
[5/150] LATENCY_ARB_MOMENTUM_THRESHOLD=0.0008 LATENCY_ARB_MAX_ASK=0.5 LATENCY_ARB_MAX_POSITION_FRACTION=0.125 ... PnL=$227 WR=54.5% Trades=44 DD=35.3% (100.9s)
[117/150] LATENCY_ARB_MOMENTUM_THRESHOLD=0.0016 LATENCY_ARB_MAX_ASK=0.65 LATENCY_ARB_MAX_POSITION_FRACTION=0.05 ... PnL=$417 WR=83.1% Trades=59 DD=13.1% (101.1s)
[98/150] LATENCY_ARB_MOMENTUM_THRESHOLD=0.0014 LATENCY_ARB_MAX_ASK=0.7 LATENCY_ARB_MAX_POSITION_FRACTION=0.075 ... PnL=$543 WR=80.2% Trades=91 DD=19.6% (101.1s)
[145/150] LATENCY_ARB_MOMENTUM_THRESHOLD=0.0018 LATENCY_ARB_MAX_ASK=0.65 LATENCY_ARB_MAX_POSITION_FRACTION=0.125 ... PnL=$457 WR=82.1% Trades=56 DD=18.6% (101.4s)
[61/150] LATENCY_ARB_MOMENTUM_THRESHOLD=0.0012 LATENCY_ARB_MAX_ASK=0.6 LATENCY_ARB_MAX_POSITION_FRACTION=0.03 ... PnL=$274 WR=75.5% Trades=49 DD=6.1% (100.8s)
[140/150] LATENCY_ARB_MOMENTUM_THRESHOLD=0.0018 LATENCY_ARB_MAX_ASK=0.6 LATENCY_ARB_MAX_POSITION_FRACTION=0.125 ... PnL=$357 WR=81.1% Trades=37 DD=14.8% (100.8s)
[103/150] LATENCY_ARB_MOMENTUM_THRESHOLD=0.0016 LATENCY_ARB_MAX_ASK=0.5 LATENCY_ARB_MAX_POSITION_FRACTION=0.075 ... PnL=$176 WR=75.0% Trades=16 DD=5.8% (101.2s)
[10/150] LATENCY_ARB_MOMENTUM_THRESHOLD=0.0008 LATENCY_ARB_MAX_ASK=0.55 LATENCY_ARB_MAX_POSITION_FRACTION=0.125 ... PnL=$382 WR=61.4% Trades=70 DD=23.3% (101.0s)
[23/150] LATENCY_ARB_MOMENTUM_THRESHOLD=0.0008 LATENCY_ARB_MAX_ASK=0.7 LATENCY_ARB_MAX_POSITION_FRACTION=0.075 ... PnL=$714 WR=70.2% Trades=215 DD=31.4% (101.2s)
[32/150] LATENCY_ARB_MOMENTUM_THRESHOLD=0.001 LATENCY_ARB_MAX_ASK=0.55 LATENCY_ARB_MAX_POSITION_FRACTION=0.05 ... PnL=$155 WR=64.1% Trades=39 DD=11.0% (101.7s)
[43/150] LATENCY_ARB_MOMENTUM_THRESHOLD=0.001 LATENCY_ARB_MAX_ASK=0.65 LATENCY_ARB_MAX_POSITION_FRACTION=0.075 ... PnL=$758 WR=75.0% Trades=108 DD=19.8% (100.6s)
[25/150] LATENCY_ARB_MOMENTUM_THRESHOLD=0.0008 LATENCY_ARB_MAX_ASK=0.7 LATENCY_ARB_MAX_POSITION_FRACTION=0.125 ... PnL=$973 WR=70.2% Trades=215 DD=31.0% (101.7s)
[81/150] LATENCY_ARB_MOMENTUM_THRESHOLD=0.0014 LATENCY_ARB_MAX_ASK=0.55 LATENCY_ARB_MAX_POSITION_FRACTION=0.03 ... PnL=$164 WR=74.1% Trades=27 DD=7.4% (102.1s)
[127/150] LATENCY_ARB_MOMENTUM_THRESHOLD=0.0018 LATENCY_ARB_MAX_ASK=0.5 LATENCY_ARB_MAX_POSITION_FRACTION=0.05 ... PnL=$118 WR=73.3% Trades=15 DD=5.9% (102.0s)
[6/150] LATENCY_ARB_MOMENTUM_THRESHOLD=0.0008 LATENCY_ARB_MAX_ASK=0.55 LATENCY_ARB_MAX_POSITION_FRACTION=0.03 ... PnL=$233 WR=63.5% Trades=63 DD=7.7% (101.6s)
[118/150] LATENCY_ARB_MOMENTUM_THRESHOLD=0.0016 LATENCY_ARB_MAX_ASK=0.65 LATENCY_ARB_MAX_POSITION_FRACTION=0.075 ... PnL=$467 WR=83.1% Trades=59 DD=15.0% (102.0s)
[99/150] LATENCY_ARB_MOMENTUM_THRESHOLD=0.0014 LATENCY_ARB_MAX_ASK=0.7 LATENCY_ARB_MAX_POSITION_FRACTION=0.1 ... PnL=$622 WR=80.2% Trades=91 DD=22.2% (102.6s)
[146/150] LATENCY_ARB_MOMENTUM_THRESHOLD=0.0018 LATENCY_ARB_MAX_ASK=0.7 LATENCY_ARB_MAX_POSITION_FRACTION=0.03 ... PnL=$287 WR=80.3% Trades=71 DD=14.4% (102.7s)
[62/150] LATENCY_ARB_MOMENTUM_THRESHOLD=0.0012 LATENCY_ARB_MAX_ASK=0.6 LATENCY_ARB_MAX_POSITION_FRACTION=0.05 ... PnL=$308 WR=74.5% Trades=51 DD=10.1% (102.5s)
[104/150] LATENCY_ARB_MOMENTUM_THRESHOLD=0.0016 LATENCY_ARB_MAX_ASK=0.5 LATENCY_ARB_MAX_POSITION_FRACTION=0.1 ... PnL=$218 WR=76.5% Trades=17 DD=5.6% (102.3s)
[11/150] LATENCY_ARB_MOMENTUM_THRESHOLD=0.0008 LATENCY_ARB_MAX_ASK=0.6 LATENCY_ARB_MAX_POSITION_FRACTION=0.03 ... PnL=$487 WR=70.4% Trades=108 DD=8.0% (102.4s)
[24/150] LATENCY_ARB_MOMENTUM_THRESHOLD=0.0008 LATENCY_ARB_MAX_ASK=0.7 LATENCY_ARB_MAX_POSITION_FRACTION=0.1 ... PnL=$849 WR=70.6% Trades=211 DD=31.6% (102.3s)
[26/150] LATENCY_ARB_MOMENTUM_THRESHOLD=0.001 LATENCY_ARB_MAX_ASK=0.5 LATENCY_ARB_MAX_POSITION_FRACTION=0.03 ... PnL=$62 WR=55.0% Trades=20 DD=6.5% (102.8s)
[33/150] LATENCY_ARB_MOMENTUM_THRESHOLD=0.001 LATENCY_ARB_MAX_ASK=0.55 LATENCY_ARB_MAX_POSITION_FRACTION=0.075 ... PnL=$168 WR=64.1% Trades=39 DD=16.3% (102.2s)
[44/150] LATENCY_ARB_MOMENTUM_THRESHOLD=0.001 LATENCY_ARB_MAX_ASK=0.65 LATENCY_ARB_MAX_POSITION_FRACTION=0.1 ... PnL=$886 WR=75.0% Trades=108 DD=22.0% (98.7s)
[14/150] LATENCY_ARB_MOMENTUM_THRESHOLD=0.0008 LATENCY_ARB_MAX_ASK=0.6 LATENCY_ARB_MAX_POSITION_FRACTION=0.1 ... PnL=$1358 WR=69.6% Trades=115 DD=24.9% (99.1s)
[82/150] LATENCY_ARB_MOMENTUM_THRESHOLD=0.0014 LATENCY_ARB_MAX_ASK=0.55 LATENCY_ARB_MAX_POSITION_FRACTION=0.05 ... PnL=$213 WR=75.9% Trades=29 DD=9.3% (99.5s)
[128/150] LATENCY_ARB_MOMENTUM_THRESHOLD=0.0018 LATENCY_ARB_MAX_ASK=0.5 LATENCY_ARB_MAX_POSITION_FRACTION=0.075 ... PnL=$143 WR=73.3% Trades=15 DD=6.0% (99.4s)
[7/150] LATENCY_ARB_MOMENTUM_THRESHOLD=0.0008 LATENCY_ARB_MAX_ASK=0.55 LATENCY_ARB_MAX_POSITION_FRACTION=0.05 ... PnL=$298 WR=62.3% Trades=69 DD=10.9% (99.4s)
[119/150] LATENCY_ARB_MOMENTUM_THRESHOLD=0.0016 LATENCY_ARB_MAX_ASK=0.65 LATENCY_ARB_MAX_POSITION_FRACTION=0.1 ... PnL=$508 WR=83.1% Trades=59 DD=16.7% (99.7s)
[100/150] LATENCY_ARB_MOMENTUM_THRESHOLD=0.0014 LATENCY_ARB_MAX_ASK=0.7 LATENCY_ARB_MAX_POSITION_FRACTION=0.125 ... PnL=$715 WR=80.4% Trades=92 DD=24.6% (99.3s)
[63/150] LATENCY_ARB_MOMENTUM_THRESHOLD=0.0012 LATENCY_ARB_MAX_ASK=0.6 LATENCY_ARB_MAX_POSITION_FRACTION=0.075 ... PnL=$348 WR=74.5% Trades=51 DD=15.1% (100.0s)
[147/150] LATENCY_ARB_MOMENTUM_THRESHOLD=0.0018 LATENCY_ARB_MAX_ASK=0.7 LATENCY_ARB_MAX_POSITION_FRACTION=0.05 ... PnL=$337 WR=80.6% Trades=72 DD=15.0% (100.5s)
[105/150] LATENCY_ARB_MOMENTUM_THRESHOLD=0.0016 LATENCY_ARB_MAX_ASK=0.5 LATENCY_ARB_MAX_POSITION_FRACTION=0.125 ... PnL=$232 WR=76.5% Trades=17 DD=5.6% (100.2s)
[12/150] LATENCY_ARB_MOMENTUM_THRESHOLD=0.0008 LATENCY_ARB_MAX_ASK=0.6 LATENCY_ARB_MAX_POSITION_FRACTION=0.05 ... PnL=$704 WR=69.3% Trades=114 DD=12.9% (100.4s)
[27/150] LATENCY_ARB_MOMENTUM_THRESHOLD=0.001 LATENCY_ARB_MAX_ASK=0.5 LATENCY_ARB_MAX_POSITION_FRACTION=0.05 ... PnL=$61 WR=54.2% Trades=24 DD=17.6% (100.3s)
[108/150] LATENCY_ARB_MOMENTUM_THRESHOLD=0.0016 LATENCY_ARB_MAX_ASK=0.55 LATENCY_ARB_MAX_POSITION_FRACTION=0.075 ... PnL=$276 WR=78.6% Trades=28 DD=11.5% (100.6s)
[34/150] LATENCY_ARB_MOMENTUM_THRESHOLD=0.001 LATENCY_ARB_MAX_ASK=0.55 LATENCY_ARB_MAX_POSITION_FRACTION=0.1 ... PnL=$160 WR=64.1% Trades=39 DD=21.6% (100.3s)
[45/150] LATENCY_ARB_MOMENTUM_THRESHOLD=0.001 LATENCY_ARB_MAX_ASK=0.65 LATENCY_ARB_MAX_POSITION_FRACTION=0.125 ... PnL=$1026 WR=75.0% Trades=108 DD=25.8% (101.2s)
[15/150] LATENCY_ARB_MOMENTUM_THRESHOLD=0.0008 LATENCY_ARB_MAX_ASK=0.6 LATENCY_ARB_MAX_POSITION_FRACTION=0.125 ... PnL=$1454 WR=69.7% Trades=109 DD=34.0% (101.0s)
[83/150] LATENCY_ARB_MOMENTUM_THRESHOLD=0.0014 LATENCY_ARB_MAX_ASK=0.55 LATENCY_ARB_MAX_POSITION_FRACTION=0.075 ... PnL=$242 WR=75.9% Trades=29 DD=11.5% (100.5s)
[8/150] LATENCY_ARB_MOMENTUM_THRESHOLD=0.0008 LATENCY_ARB_MAX_ASK=0.55 LATENCY_ARB_MAX_POSITION_FRACTION=0.075 ... PnL=$357 WR=62.3% Trades=69 DD=16.3% (101.5s)
[129/150] LATENCY_ARB_MOMENTUM_THRESHOLD=0.0018 LATENCY_ARB_MAX_ASK=0.5 LATENCY_ARB_MAX_POSITION_FRACTION=0.1 ... PnL=$163 WR=73.3% Trades=15 DD=6.0% (101.9s)
[101/150] LATENCY_ARB_MOMENTUM_THRESHOLD=0.0016 LATENCY_ARB_MAX_ASK=0.5 LATENCY_ARB_MAX_POSITION_FRACTION=0.03 ... PnL=$93 WR=71.4% Trades=14 DD=5.9% (101.3s)
[120/150] LATENCY_ARB_MOMENTUM_THRESHOLD=0.0016 LATENCY_ARB_MAX_ASK=0.65 LATENCY_ARB_MAX_POSITION_FRACTION=0.125 ... PnL=$523 WR=83.1% Trades=59 DD=18.5% (101.7s)
[64/150] LATENCY_ARB_MOMENTUM_THRESHOLD=0.0012 LATENCY_ARB_MAX_ASK=0.6 LATENCY_ARB_MAX_POSITION_FRACTION=0.1 ... PnL=$378 WR=74.5% Trades=51 DD=19.8% (101.3s)
[106/150] LATENCY_ARB_MOMENTUM_THRESHOLD=0.0016 LATENCY_ARB_MAX_ASK=0.55 LATENCY_ARB_MAX_POSITION_FRACTION=0.03 ... PnL=$161 WR=76.0% Trades=25 DD=7.5% (101.7s)
[148/150] LATENCY_ARB_MOMENTUM_THRESHOLD=0.0018 LATENCY_ARB_MAX_ASK=0.7 LATENCY_ARB_MAX_POSITION_FRACTION=0.075 ... PnL=$368 WR=80.6% Trades=72 DD=15.8% (102.2s)
[109/150] LATENCY_ARB_MOMENTUM_THRESHOLD=0.0016 LATENCY_ARB_MAX_ASK=0.55 LATENCY_ARB_MAX_POSITION_FRACTION=0.1 ... PnL=$310 WR=78.6% Trades=28 DD=13.8% (101.6s)
[102/150] LATENCY_ARB_MOMENTUM_THRESHOLD=0.0016 LATENCY_ARB_MAX_ASK=0.5 LATENCY_ARB_MAX_POSITION_FRACTION=0.05 ... PnL=$138 WR=75.0% Trades=16 DD=5.9% (102.0s)
[35/150] LATENCY_ARB_MOMENTUM_THRESHOLD=0.001 LATENCY_ARB_MAX_ASK=0.55 LATENCY_ARB_MAX_POSITION_FRACTION=0.125 ... PnL=$147 WR=64.1% Trades=39 DD=26.6% (102.0s)
[13/150] LATENCY_ARB_MOMENTUM_THRESHOLD=0.0008 LATENCY_ARB_MAX_ASK=0.6 LATENCY_ARB_MAX_POSITION_FRACTION=0.075 ... PnL=$1058 WR=69.6% Trades=115 DD=19.1% (102.5s)
[46/150] LATENCY_ARB_MOMENTUM_THRESHOLD=0.001 LATENCY_ARB_MAX_ASK=0.7 LATENCY_ARB_MAX_POSITION_FRACTION=0.03 ... PnL=$470 WR=77.0% Trades=139 DD=14.2% (99.8s)
[16/150] LATENCY_ARB_MOMENTUM_THRESHOLD=0.0008 LATENCY_ARB_MAX_ASK=0.65 LATENCY_ARB_MAX_POSITION_FRACTION=0.03 ... PnL=$463 WR=69.1% Trades=165 DD=19.6% (99.0s)
[84/150] LATENCY_ARB_MOMENTUM_THRESHOLD=0.0014 LATENCY_ARB_MAX_ASK=0.55 LATENCY_ARB_MAX_POSITION_FRACTION=0.1 ... PnL=$262 WR=75.9% Trades=29 DD=13.7% (99.1s)
[9/150] LATENCY_ARB_MOMENTUM_THRESHOLD=0.0008 LATENCY_ARB_MAX_ASK=0.55 LATENCY_ARB_MAX_POSITION_FRACTION=0.1 ... PnL=$405 WR=62.3% Trades=69 DD=20.6% (100.4s)
[130/150] LATENCY_ARB_MOMENTUM_THRESHOLD=0.0018 LATENCY_ARB_MAX_ASK=0.5 LATENCY_ARB_MAX_POSITION_FRACTION=0.125 ... PnL=$183 WR=73.3% Trades=15 DD=6.0% (100.4s)
[149/150] LATENCY_ARB_MOMENTUM_THRESHOLD=0.0018 LATENCY_ARB_MAX_ASK=0.7 LATENCY_ARB_MAX_POSITION_FRACTION=0.1 ... PnL=$397 WR=80.6% Trades=72 DD=16.5% (99.5s)
[121/150] LATENCY_ARB_MOMENTUM_THRESHOLD=0.0016 LATENCY_ARB_MAX_ASK=0.7 LATENCY_ARB_MAX_POSITION_FRACTION=0.03 ... PnL=$299 WR=80.3% Trades=76 DD=16.3% (99.8s)
[65/150] LATENCY_ARB_MOMENTUM_THRESHOLD=0.0012 LATENCY_ARB_MAX_ASK=0.6 LATENCY_ARB_MAX_POSITION_FRACTION=0.125 ... PnL=$408 WR=74.5% Trades=51 DD=26.6% (99.3s)
[107/150] LATENCY_ARB_MOMENTUM_THRESHOLD=0.0016 LATENCY_ARB_MAX_ASK=0.55 LATENCY_ARB_MAX_POSITION_FRACTION=0.05 ... PnL=$234 WR=78.6% Trades=28 DD=9.3% (100.4s)
[110/150] LATENCY_ARB_MOMENTUM_THRESHOLD=0.0016 LATENCY_ARB_MAX_ASK=0.55 LATENCY_ARB_MAX_POSITION_FRACTION=0.125 ... PnL=$327 WR=78.6% Trades=28 DD=16.1% (100.2s)
[111/150] LATENCY_ARB_MOMENTUM_THRESHOLD=0.0016 LATENCY_ARB_MAX_ASK=0.6 LATENCY_ARB_MAX_POSITION_FRACTION=0.03 ... PnL=$264 WR=81.1% Trades=37 DD=6.8% (100.0s)
[47/150] LATENCY_ARB_MOMENTUM_THRESHOLD=0.001 LATENCY_ARB_MAX_ASK=0.7 LATENCY_ARB_MAX_POSITION_FRACTION=0.05 ... PnL=$604 WR=76.4% Trades=144 DD=16.6% (100.2s)
[37/150] LATENCY_ARB_MOMENTUM_THRESHOLD=0.001 LATENCY_ARB_MAX_ASK=0.6 LATENCY_ARB_MAX_POSITION_FRACTION=0.05 ... PnL=$395 WR=71.8% Trades=71 DD=11.6% (99.8s)
[36/150] LATENCY_ARB_MOMENTUM_THRESHOLD=0.001 LATENCY_ARB_MAX_ASK=0.6 LATENCY_ARB_MAX_POSITION_FRACTION=0.03 ... PnL=$324 WR=72.5% Trades=69 DD=7.7% (100.1s)
[66/150] LATENCY_ARB_MOMENTUM_THRESHOLD=0.0012 LATENCY_ARB_MAX_ASK=0.65 LATENCY_ARB_MAX_POSITION_FRACTION=0.03 ... PnL=$409 WR=78.8% Trades=80 DD=10.9% (97.1s)
[17/150] LATENCY_ARB_MOMENTUM_THRESHOLD=0.0008 LATENCY_ARB_MAX_ASK=0.65 LATENCY_ARB_MAX_POSITION_FRACTION=0.05 ... PnL=$544 WR=68.6% Trades=169 DD=24.9% (96.7s)
[131/150] LATENCY_ARB_MOMENTUM_THRESHOLD=0.0018 LATENCY_ARB_MAX_ASK=0.55 LATENCY_ARB_MAX_POSITION_FRACTION=0.03 ... PnL=$146 WR=73.9% Trades=23 DD=8.4% (97.5s)
[150/150] LATENCY_ARB_MOMENTUM_THRESHOLD=0.0018 LATENCY_ARB_MAX_ASK=0.7 LATENCY_ARB_MAX_POSITION_FRACTION=0.125 ... PnL=$429 WR=80.6% Trades=72 DD=17.2% (98.0s)
[54/150] LATENCY_ARB_MOMENTUM_THRESHOLD=0.0012 LATENCY_ARB_MAX_ASK=0.5 LATENCY_ARB_MAX_POSITION_FRACTION=0.1 ... PnL=$62 WR=57.1% Trades=21 DD=28.7% (97.6s)
[49/150] LATENCY_ARB_MOMENTUM_THRESHOLD=0.001 LATENCY_ARB_MAX_ASK=0.7 LATENCY_ARB_MAX_POSITION_FRACTION=0.1 ... PnL=$893 WR=76.4% Trades=144 DD=22.6% (97.5s)
[52/150] LATENCY_ARB_MOMENTUM_THRESHOLD=0.0012 LATENCY_ARB_MAX_ASK=0.5 LATENCY_ARB_MAX_POSITION_FRACTION=0.05 ... PnL=$68 WR=57.1% Trades=21 DD=17.6% (98.6s)
[18/150] LATENCY_ARB_MOMENTUM_THRESHOLD=0.0008 LATENCY_ARB_MAX_ASK=0.65 LATENCY_ARB_MAX_POSITION_FRACTION=0.075 ... PnL=$679 WR=68.8% Trades=170 DD=29.3% (98.0s)
[50/150] LATENCY_ARB_MOMENTUM_THRESHOLD=0.001 LATENCY_ARB_MAX_ASK=0.7 LATENCY_ARB_MAX_POSITION_FRACTION=0.125 ... PnL=$1002 WR=76.4% Trades=144 DD=28.0% (98.8s)
[48/150] LATENCY_ARB_MOMENTUM_THRESHOLD=0.001 LATENCY_ARB_MAX_ASK=0.7 LATENCY_ARB_MAX_POSITION_FRACTION=0.075 ... PnL=$786 WR=76.4% Trades=144 DD=17.3% (98.4s)
[112/150] LATENCY_ARB_MOMENTUM_THRESHOLD=0.0016 LATENCY_ARB_MAX_ASK=0.6 LATENCY_ARB_MAX_POSITION_FRACTION=0.05 ... PnL=$320 WR=82.1% Trades=39 DD=8.6% (99.0s)
[71/150] LATENCY_ARB_MOMENTUM_THRESHOLD=0.0012 LATENCY_ARB_MAX_ASK=0.7 LATENCY_ARB_MAX_POSITION_FRACTION=0.03 ... PnL=$416 WR=78.7% Trades=108 DD=13.9% (99.3s)
[74/150] LATENCY_ARB_MOMENTUM_THRESHOLD=0.0012 LATENCY_ARB_MAX_ASK=0.7 LATENCY_ARB_MAX_POSITION_FRACTION=0.1 ... PnL=$695 WR=78.2% Trades=110 DD=18.3% (98.6s)
[73/150] LATENCY_ARB_MOMENTUM_THRESHOLD=0.0012 LATENCY_ARB_MAX_ASK=0.7 LATENCY_ARB_MAX_POSITION_FRACTION=0.075 ... PnL=$610 WR=78.2% Trades=110 DD=16.0% (98.8s)
[67/150] LATENCY_ARB_MOMENTUM_THRESHOLD=0.0012 LATENCY_ARB_MAX_ASK=0.65 LATENCY_ARB_MAX_POSITION_FRACTION=0.05 ... PnL=$485 WR=78.0% Trades=82 DD=13.0% (82.4s)
[55/150] LATENCY_ARB_MOMENTUM_THRESHOLD=0.0012 LATENCY_ARB_MAX_ASK=0.5 LATENCY_ARB_MAX_POSITION_FRACTION=0.125 ... PnL=$53 WR=60.0% Trades=20 DD=33.8% (81.5s)
[51/150] LATENCY_ARB_MOMENTUM_THRESHOLD=0.0012 LATENCY_ARB_MAX_ASK=0.5 LATENCY_ARB_MAX_POSITION_FRACTION=0.03 ... PnL=$55 WR=56.2% Trades=16 DD=11.1% (80.5s)
[68/150] LATENCY_ARB_MOMENTUM_THRESHOLD=0.0012 LATENCY_ARB_MAX_ASK=0.65 LATENCY_ARB_MAX_POSITION_FRACTION=0.075 ... PnL=$565 WR=78.0% Trades=82 DD=17.5% (79.8s)
[72/150] LATENCY_ARB_MOMENTUM_THRESHOLD=0.0012 LATENCY_ARB_MAX_ASK=0.7 LATENCY_ARB_MAX_POSITION_FRACTION=0.05 ... PnL=$508 WR=78.2% Trades=110 DD=14.8% (79.8s)
[56/150] LATENCY_ARB_MOMENTUM_THRESHOLD=0.0012 LATENCY_ARB_MAX_ASK=0.55 LATENCY_ARB_MAX_POSITION_FRACTION=0.03 ... PnL=$128 WR=65.5% Trades=29 DD=8.5% (79.9s)
[53/150] LATENCY_ARB_MOMENTUM_THRESHOLD=0.0012 LATENCY_ARB_MAX_ASK=0.5 LATENCY_ARB_MAX_POSITION_FRACTION=0.075 ... PnL=$69 WR=57.1% Trades=21 DD=23.3% (79.5s)
[75/150] LATENCY_ARB_MOMENTUM_THRESHOLD=0.0012 LATENCY_ARB_MAX_ASK=0.7 LATENCY_ARB_MAX_POSITION_FRACTION=0.125 ... PnL=$780 WR=78.4% Trades=111 DD=22.5% (79.6s)
[69/150] LATENCY_ARB_MOMENTUM_THRESHOLD=0.0012 LATENCY_ARB_MAX_ASK=0.65 LATENCY_ARB_MAX_POSITION_FRACTION=0.1 ... PnL=$623 WR=78.0% Trades=82 DD=22.0% (77.4s)
[70/150] LATENCY_ARB_MOMENTUM_THRESHOLD=0.0012 LATENCY_ARB_MAX_ASK=0.65 LATENCY_ARB_MAX_POSITION_FRACTION=0.125 ... PnL=$672 WR=78.0% Trades=82 DD=26.4% (77.5s)

Sweep complete: 150 runs in 1115.2s
Results: data/sweeps/run-018-002/sweep.csv

Top 5 by PnL:
  1. LATENCY_ARB_MOMENTUM_THRESHOLD=0.0008 LATENCY_ARB_MAX_ASK=0.6 LATENCY_ARB_MAX_POSITION_FRACTION=0.125 -> PnL=$1454 WR=69.7% DD=34.0%
  2. LATENCY_ARB_MOMENTUM_THRESHOLD=0.0008 LATENCY_ARB_MAX_ASK=0.6 LATENCY_ARB_MAX_POSITION_FRACTION=0.1 -> PnL=$1358 WR=69.6% DD=24.9%
  3. LATENCY_ARB_MOMENTUM_THRESHOLD=0.0008 LATENCY_ARB_MAX_ASK=0.6 LATENCY_ARB_MAX_POSITION_FRACTION=0.075 -> PnL=$1058 WR=69.6% DD=19.1%
  4. LATENCY_ARB_MOMENTUM_THRESHOLD=0.001 LATENCY_ARB_MAX_ASK=0.65 LATENCY_ARB_MAX_POSITION_FRACTION=0.125 -> PnL=$1026 WR=75.0% DD=25.8%
  5. LATENCY_ARB_MOMENTUM_THRESHOLD=0.001 LATENCY_ARB_MAX_ASK=0.7 LATENCY_ARB_MAX_POSITION_FRACTION=0.125 -> PnL=$1002 WR=76.4% DD=28.0%
