Loading tick data into memory...
Loaded 11918164 ticks.

Sweep: CALM_PERSISTENCE_MAX_ASK(3) x CALM_PERSISTENCE_MIN_EXPECTED_EDGE(4) = 12 combinations on 14 Rayon threads

[3/12] CALM_PERSISTENCE_MAX_ASK=0.6 CALM_PERSISTENCE_MIN_EXPECTED_EDGE=0.05 ... PnL=$43391 WR=87.5% Trades=343 DD=27.3% (18.4s)
[4/12] CALM_PERSISTENCE_MAX_ASK=0.6 CALM_PERSISTENCE_MIN_EXPECTED_EDGE=0.08 ... PnL=$39816 WR=87.1% Trades=326 DD=28.1% (18.4s)
[7/12] CALM_PERSISTENCE_MAX_ASK=0.65 CALM_PERSISTENCE_MIN_EXPECTED_EDGE=0.05 ... PnL=$44824 WR=87.5% Trades=375 DD=21.1% (18.4s)
[1/12] CALM_PERSISTENCE_MAX_ASK=0.6 CALM_PERSISTENCE_MIN_EXPECTED_EDGE=0 ... PnL=$46992 WR=87.8% Trades=362 DD=27.3% (18.4s)
[8/12] CALM_PERSISTENCE_MAX_ASK=0.65 CALM_PERSISTENCE_MIN_EXPECTED_EDGE=0.08 ... PnL=$40313 WR=87.0% Trades=353 DD=31.4% (18.4s)
[2/12] CALM_PERSISTENCE_MAX_ASK=0.6 CALM_PERSISTENCE_MIN_EXPECTED_EDGE=0.03 ... PnL=$45329 WR=87.8% Trades=353 DD=27.3% (18.4s)
[12/12] CALM_PERSISTENCE_MAX_ASK=0.75 CALM_PERSISTENCE_MIN_EXPECTED_EDGE=0.08 ... PnL=$35972 WR=86.8% Trades=371 DD=35.1% (18.4s)
[5/12] CALM_PERSISTENCE_MAX_ASK=0.65 CALM_PERSISTENCE_MIN_EXPECTED_EDGE=0 ... PnL=$47945 WR=87.2% Trades=405 DD=26.3% (18.4s)
[6/12] CALM_PERSISTENCE_MAX_ASK=0.65 CALM_PERSISTENCE_MIN_EXPECTED_EDGE=0.03 ... PnL=$46698 WR=87.5% Trades=391 DD=25.3% (18.4s)
[10/12] CALM_PERSISTENCE_MAX_ASK=0.75 CALM_PERSISTENCE_MIN_EXPECTED_EDGE=0.03 ... PnL=$43412 WR=87.3% Trades=433 DD=28.2% (18.4s)
[9/12] CALM_PERSISTENCE_MAX_ASK=0.75 CALM_PERSISTENCE_MIN_EXPECTED_EDGE=0 ... PnL=$43797 WR=85.7% Trades=462 DD=34.5% (18.4s)
[11/12] CALM_PERSISTENCE_MAX_ASK=0.75 CALM_PERSISTENCE_MIN_EXPECTED_EDGE=0.05 ... PnL=$41579 WR=87.5% Trades=407 DD=26.6% (18.5s)

Sweep complete: 12 runs in 37.5s
Results: data/sweeps/calm-004/sweep.csv

Top 5 by PnL:
  1. CALM_PERSISTENCE_MAX_ASK=0.65 CALM_PERSISTENCE_MIN_EXPECTED_EDGE=0 -> PnL=$47945 WR=87.2% DD=26.3%
  2. CALM_PERSISTENCE_MAX_ASK=0.6 CALM_PERSISTENCE_MIN_EXPECTED_EDGE=0 -> PnL=$46992 WR=87.8% DD=27.3%
  3. CALM_PERSISTENCE_MAX_ASK=0.65 CALM_PERSISTENCE_MIN_EXPECTED_EDGE=0.03 -> PnL=$46698 WR=87.5% DD=25.3%
  4. CALM_PERSISTENCE_MAX_ASK=0.6 CALM_PERSISTENCE_MIN_EXPECTED_EDGE=0.03 -> PnL=$45329 WR=87.8% DD=27.3%
  5. CALM_PERSISTENCE_MAX_ASK=0.65 CALM_PERSISTENCE_MIN_EXPECTED_EDGE=0.05 -> PnL=$44824 WR=87.5% DD=21.1%
